// Jest Snapshot v1, https://goo.gl/fbAQLP

exports[`SideMenu renders 1`] = `
<div>
  <aside
    class="aside"
  >
    <section
      class="header"
    >
      <div
        class="container"
      >
        <label>
          Base de donnÃ©es
        </label>
        <select
          class="select "
        >
          <option
            disabled=""
            value=""
          >
            Choisir
          </option>
        </select>
        <div
          class="iconContainer"
        >
          <div
            class="undefined "
          />
        </div>
      </div>
    </section>
    <section
      class="footer"
    >
      <hr
        class="divider"
      />
      <button
        class="button full transparent"
        style="padding: 0px 20px;"
        type="button"
      >
        <div
          class="icon "
        />
        Langue
      </button>
      <button
        class="button full transparent"
        style="padding: 0px 20px;"
        type="button"
      >
        <div
          class="icon "
        />
        Sombre
      </button>
      <button
        class="button full transparent"
        style="padding: 0px 20px;"
        type="button"
      >
        <div
          class="icon "
        />
        ParamÃ¨tres
      </button>
      <button
        class="button full transparent danger"
        style="padding: 0px 20px;"
        type="button"
      >
        <div
          class="icon "
        />
        DÃ©connexion
      </button>
    </section>
  </aside>
  <dialog
    class="modal modal--closing"
  >
    <section
      class="modal__header"
    >
      <div
        class="modal__header--icon"
      >
        <div
          class="undefined pointer-cursor"
        />
      </div>
      <h2>
        Langue
      </h2>
    </section>
    <section
      class="modal__container"
    >
      <ul
        class="language-list"
      >
        <li
          class="language-container selected"
        >
          ðŸ‡«ðŸ‡· FranÃ§ais
        </li>
        <li
          class="language-container "
        >
          ðŸ‡¬ðŸ‡§ Anglais
        </li>
        <li
          class="language-container "
        >
          ðŸ‡ªðŸ‡¸ Espagnol
        </li>
      </ul>
    </section>
  </dialog>
</div>
`;
