// Jest Snapshot v1, https://goo.gl/fbAQLP

exports[`LanguageModal renders 1`] = `
<div>
  <dialog
    class="modal modal--closing"
  >
    <section
      class="modal__header"
    >
      <div
        class="modal__header--icon"
      >
        <div
          class="undefined pointer-cursor"
        />
      </div>
      <h2>
        Langue
      </h2>
    </section>
    <section
      class="modal__container"
    >
      <ul
        class="language-list"
      >
        <li
          class="language-container selected"
        >
          ğŸ‡«ğŸ‡· FranÃ§ais
        </li>
        <li
          class="language-container "
        >
          ğŸ‡¬ğŸ‡§ Anglais
        </li>
        <li
          class="language-container "
        >
          ğŸ‡ªğŸ‡¸ Espagnol
        </li>
      </ul>
    </section>
  </dialog>
</div>
`;
