// Jest Snapshot v1, https://goo.gl/fbAQLP

exports[`LoginForm renders 1`] = `
<div>
  <div
    class="container"
  >
    <h2>
      Se connecter
    </h2>
    <form
      class="form"
    >
      <div
        class="formGroup"
      >
        <div
          class="formInput"
        >
          <div
            class="container"
          >
            <label>
              Langue
            </label>
            <select
              class="select "
            >
              <option
                disabled=""
                value=""
              >
                Choisir
              </option>
              <option
                value="fr"
              >
                ðŸ‡«ðŸ‡· FranÃ§ais
              </option>
              <option
                value="en"
              >
                ðŸ‡¬ðŸ‡§ Anglais
              </option>
              <option
                value="es"
              >
                ðŸ‡ªðŸ‡¸ Espagnol
              </option>
            </select>
            <div
              class="iconContainer"
            >
              <div
                class="undefined "
              />
            </div>
          </div>
        </div>
        <div
          class="formInput"
        >
          <div
            class="input-container"
          >
            <label
              class="label"
            >
              Url de Connexion
            </label>
            <input
              class="input "
              placeholder="Url de Connexion"
              type="text"
              value=""
            />
          </div>
        </div>
      </div>
      <div
        class="formButton"
      >
        <button
          class="button full center"
          disabled=""
          type="submit"
        >
          Se connecter
        </button>
      </div>
    </form>
  </div>
</div>
`;
