// Jest Snapshot v1, https://goo.gl/fbAQLP

exports[`SvgIcon renders SvgIcon 1`] = `
<div>
  <div
    class="undefined "
  />
</div>
`;
